#-----------------------------------------------------------
# Vivado v2020.2 (64-bit)
# SW Build 3064766 on Wed Nov 18 09:12:45 MST 2020
# IP Build 3064653 on Wed Nov 18 14:17:31 MST 2020
# Start of session at: Mon Jan 29 13:08:14 2024
# Process ID: 15784
# Current directory: K:/S4_APP2
# Command line: vivado.exe -gui_launcher_event rodinguilauncherevent3040 K:\S4_APP2\pb_logique_seq.xpr
# Log file: K:/S4_APP2/vivado.log
# Journal file: K:/S4_APP2\vivado.jou
#-----------------------------------------------------------
start_gui
open_project K:/S4_APP2/pb_logique_seq.xpr
update_compile_order -fileset sources_1
launch_simulation
open_wave_config K:/S4_APP2/module_commande_tb_behav.wcfg
source simul_module_sig_tb.tcl
run 10 us
relaunch_sim
run 600 us
current_wave_config {module_commande_tb_behav.wcfg}
add_wave {{/simul_module_sig_tb/UUT_mod_sig/M5_parametre_1/U0}} 
relaunch_sim
run 600 us
relaunch_sim
run 1 s
close_sim
# Disabling source management mode.  This is to allow the top design properties to be set without GUI intervention.
set_property source_mgmt_mode None [current_project]
set_property top circuit_tr_signal [get_filesets sim_1]
set_property top_lib xil_defaultlib [get_filesets sim_1]
# Re-enabling previously disabled source management mode.
set_property source_mgmt_mode All [current_project]
update_compile_order -fileset sim_1
launch_simulation
open_wave_config K:/S4_APP2/module_commande_tb_behav.wcfg
source circuit_tr_signal.tcl
current_wave_config {module_commande_tb_behav.wcfg}
add_wave {{/circuit_tr_signal/design_1_i/M5_parametre_1/U0}} 
relaunch_sim
run 600 us
close_sim
# Disabling source management mode.  This is to allow the top design properties to be set without GUI intervention.
set_property source_mgmt_mode None [current_project]
set_property top simul_module_sig_tb [get_filesets sim_1]
set_property top_lib xil_defaultlib [get_filesets sim_1]
# Re-enabling previously disabled source management mode.
set_property source_mgmt_mode All [current_project]
update_compile_order -fileset sim_1
reset_simulation -simset sim_1 -mode behavioral
reset_run design_1_util_vector_logic_0_0_synth_1
launch_runs design_1_util_vector_logic_0_0_synth_1
wait_on_run design_1_util_vector_logic_0_0_synth_1
launch_simulation
open_wave_config K:/S4_APP2/module_commande_tb_behav.wcfg
source simul_module_sig_tb.tcl
current_wave_config {module_commande_tb_behav.wcfg}
add_wave {{/simul_module_sig_tb/UUT_mod_sig/M5_parametre_1/U0}} 
relaunch_sim
run 600 us
current_wave_config {module_commande_tb_behav.wcfg}
add_wave {{/simul_module_sig_tb/UUT_mod_sig/M1_decodeur_i2s}} 
relaunch_sim
run 600 us
run 600 us
run 600 us
run 600 us
run 600 us
run 600 us
run 600 us
run 600 us
run 600 us
run 600 us
run 600 us
run 600 us
run 600 us
relaunch_sim
run 600 us
relaunch_sim
run 1 ms
current_wave_config {module_commande_tb_behav.wcfg}
add_wave {{/simul_module_sig_tb/UUT_mod_sig/M1_decodeur_i2s/reg_24b_0_o_dat}} {{/simul_module_sig_tb/UUT_mod_sig/M1_decodeur_i2s/reg_24b_1_o_dat}} {{/simul_module_sig_tb/UUT_mod_sig/M1_decodeur_i2s/reg_dec_24b_0_o_dat}} 
current_wave_config {module_commande_tb_behav.wcfg}
add_wave {{/simul_module_sig_tb/UUT_mod_sig/M1_decodeur_i2s/reg_dec_24b_0_o_dat}} 
current_wave_config {module_commande_tb_behav.wcfg}
add_wave {{/simul_module_sig_tb/UUT_mod_sig/M1_decodeur_i2s/reg_dec_24b_0_o_dat}} 
relaunch_sim
run 1 ms
relaunch_sim
run 100 us
run 100 us
relaunch_sim
run 100 us
